Raw trial evidence: /Users/raavi/dev/siderite/benchmarks/logs/trials-20261003-154702
  -> Seeding 100 rows into database (sqlite)...

=======================================================
Benchmark: sqlite-wal-full-fastapi-pooled-sync POST /todos (POST /todos)
Parameters: -n 10000 -c 20, repetitions=5
=======================================================
  -> Seeding 100 rows into database (sqlite)...
  -> Calibrating Siderite...
  -> Seeding 100 rows into database (sqlite)...
  -> Calibrating FastAPI...
  -> Calibrated request count: 170544 (minimum 10.0s)
  -> Seeding 100 rows into database (sqlite)...
  -> Warming up Siderite...
  -> Seeding 100 rows into database (sqlite)...
  -> Siderite Run 1/5... 12,168 req/s
  -> Seeding 100 rows into database (sqlite)...
  -> Warming up FastAPI...
  -> Seeding 100 rows into database (sqlite)...
  -> FastAPI Run 1/5... 8,366 req/s
  -> Seeding 100 rows into database (sqlite)...
  -> Warming up FastAPI...
  -> Seeding 100 rows into database (sqlite)...
  -> FastAPI Run 2/5... 7,221 req/s
  -> Seeding 100 rows into database (sqlite)...
  -> Warming up Siderite...
  -> Seeding 100 rows into database (sqlite)...
  -> Siderite Run 2/5... 11,803 req/s
  -> Seeding 100 rows into database (sqlite)...
  -> Warming up Siderite...
  -> Seeding 100 rows into database (sqlite)...
  -> Siderite Run 3/5... 13,065 req/s
  -> Seeding 100 rows into database (sqlite)...
  -> Warming up FastAPI...
  -> Seeding 100 rows into database (sqlite)...
  -> FastAPI Run 3/5... 7,582 req/s
  -> Seeding 100 rows into database (sqlite)...
  -> Warming up FastAPI...
  -> Seeding 100 rows into database (sqlite)...
  -> FastAPI Run 4/5... 7,735 req/s
  -> Seeding 100 rows into database (sqlite)...
  -> Warming up Siderite...
  -> Seeding 100 rows into database (sqlite)...
  -> Siderite Run 4/5... 11,944 req/s
  -> Seeding 100 rows into database (sqlite)...
  -> Warming up Siderite...
  -> Seeding 100 rows into database (sqlite)...
  -> Siderite Run 5/5... 12,086 req/s
  -> Seeding 100 rows into database (sqlite)...
  -> Warming up FastAPI...
  -> Seeding 100 rows into database (sqlite)...
  -> FastAPI Run 5/5... 7,912 req/s
==> Result: Siderite = 12,086 req/s | FastAPI = 7,735 req/s | Speedup: 1.57x

Paired geometric ratio: 1.574x; 95% interval: 1.501-1.664x; lead gate passed: True


BENCHMARK RESULTS SUMMARY

### Database-backed Todo API

| Test | Median req/s (S / F) | Paired ratio (95% CI) | p99 ms (S / F) | Adoption / Strong lead |
|---|---|---|---|---|
| `sqlite-wal-full-fastapi-pooled-sync: insert` | 12,086 / 7,735 | 1.574x (1.501-1.664) | 2 / 4 | pass / pass |

Adoption: paired point >=1.10x, lower bound >parity. Strong lead: lower bound >1.10x. Both require >=5 identified pairs, every timed trial >=10 s, and each paired p99 ratio <=1.05.
Intervals describe the measured host and workload; they do not establish a lead across all deployments.

Report written to benchmarks/evidence/sqlite-matched-engine-20261003/report.md
