Raw trial evidence: /Users/raavi/dev/siderite/benchmarks/logs/trials-20261003-141344
  -> Seeding 100 rows into database (sqlite)...

=======================================================
Benchmark: sqlite-wal-full-fastapi-pooled-sync POST /todos (POST /todos)
Parameters: -n 10000 -c 20, repetitions=5
=======================================================
  -> Seeding 100 rows into database (sqlite)...
  -> Calibrating Siderite...
  -> Seeding 100 rows into database (sqlite)...
  -> Calibrating FastAPI...
  -> Calibrated request count: 205096 (minimum 10.0s)
  -> Seeding 100 rows into database (sqlite)...
  -> Warming up Siderite...
  -> Seeding 100 rows into database (sqlite)...
  -> Siderite Run 1/5... 14,322 req/s
  -> Seeding 100 rows into database (sqlite)...
  -> Warming up FastAPI...
  -> Seeding 100 rows into database (sqlite)...
  -> FastAPI Run 1/5... 8,723 req/s
  -> Seeding 100 rows into database (sqlite)...
  -> Warming up FastAPI...
  -> Seeding 100 rows into database (sqlite)...
  -> FastAPI Run 2/5... 7,998 req/s
  -> Seeding 100 rows into database (sqlite)...
  -> Warming up Siderite...
  -> Seeding 100 rows into database (sqlite)...
  -> Siderite Run 2/5... 14,518 req/s
  -> Seeding 100 rows into database (sqlite)...
  -> Warming up Siderite...
  -> Seeding 100 rows into database (sqlite)...
  -> Siderite Run 3/5... 13,868 req/s
  -> Seeding 100 rows into database (sqlite)...
  -> Warming up FastAPI...
  -> Seeding 100 rows into database (sqlite)...
  -> FastAPI Run 3/5... 8,620 req/s
  -> Seeding 100 rows into database (sqlite)...
  -> Warming up FastAPI...
  -> Seeding 100 rows into database (sqlite)...
  -> FastAPI Run 4/5... 8,551 req/s
  -> Seeding 100 rows into database (sqlite)...
  -> Warming up Siderite...
  -> Seeding 100 rows into database (sqlite)...
  -> Siderite Run 4/5... 14,373 req/s
  -> Seeding 100 rows into database (sqlite)...
  -> Warming up Siderite...
  -> Seeding 100 rows into database (sqlite)...
  -> Siderite Run 5/5... 13,590 req/s
  -> Seeding 100 rows into database (sqlite)...
  -> Warming up FastAPI...
  -> Seeding 100 rows into database (sqlite)...
  -> FastAPI Run 5/5... 8,245 req/s
==> Result: Siderite = 14,322 req/s | FastAPI = 8,551 req/s | Speedup: 1.68x

Paired geometric ratio: 1.678x; 95% interval: 1.630-1.745x; lead gate passed: True


BENCHMARK RESULTS SUMMARY

### Database-backed Todo API

| Test | Median req/s (S / F) | Paired ratio (95% CI) | p99 ms (S / F) | Adoption / Strong lead |
|---|---|---|---|---|
| `sqlite-wal-full-fastapi-pooled-sync: insert` | 14,322 / 8,551 | 1.678x (1.630-1.745) | 2 / 3 | pass / pass |

Adoption: paired point >=1.10x, lower bound >parity. Strong lead: lower bound >1.10x. Both require >=5 identified pairs, every timed trial >=10 s, and each paired p99 ratio <=1.05.
Intervals describe the measured host and workload; they do not establish a lead across all deployments.

Report written to benchmarks/evidence/sqlite-single-lease-20261003/report.md
