Raw trial evidence: /Users/raavi/dev/siderite/benchmarks/logs/trials-20261003-174311
  -> Seeding 100 rows into database (mongodb)...

=======================================================
Benchmark: mongodb POST /todos (POST /todos)
Parameters: -n 10000 -c 50, repetitions=5
=======================================================
  -> Seeding 100 rows into database (mongodb)...
  -> Calibrating Siderite...
  -> Seeding 100 rows into database (mongodb)...
  -> Calibrating FastAPI...
  -> Calibrated request count: 46478 (minimum 10.0s)
  -> Seeding 100 rows into database (mongodb)...
  -> Warming up Siderite...
  -> Seeding 100 rows into database (mongodb)...
  -> Siderite Run 1/5... 3,165 req/s
  -> Seeding 100 rows into database (mongodb)...
  -> Warming up FastAPI...
  -> Seeding 100 rows into database (mongodb)...
  -> FastAPI Run 1/5... 2,459 req/s
  -> Seeding 100 rows into database (mongodb)...
  -> Warming up FastAPI...
  -> Seeding 100 rows into database (mongodb)...
  -> FastAPI Run 2/5... 2,506 req/s
  -> Seeding 100 rows into database (mongodb)...
  -> Warming up Siderite...
  -> Seeding 100 rows into database (mongodb)...
  -> Siderite Run 2/5... 3,009 req/s
  -> Seeding 100 rows into database (mongodb)...
  -> Warming up Siderite...
  -> Seeding 100 rows into database (mongodb)...
  -> Siderite Run 3/5... 2,866 req/s
  -> Seeding 100 rows into database (mongodb)...
  -> Warming up FastAPI...
  -> Seeding 100 rows into database (mongodb)...
  -> FastAPI Run 3/5... 2,581 req/s
  -> Seeding 100 rows into database (mongodb)...
  -> Warming up FastAPI...
  -> Seeding 100 rows into database (mongodb)...
  -> FastAPI Run 4/5... 2,528 req/s
  -> Seeding 100 rows into database (mongodb)...
  -> Warming up Siderite...
  -> Seeding 100 rows into database (mongodb)...
  -> Siderite Run 4/5... 3,171 req/s
  -> Seeding 100 rows into database (mongodb)...
  -> Warming up Siderite...
  -> Seeding 100 rows into database (mongodb)...
  -> Siderite Run 5/5... 3,146 req/s
  -> Seeding 100 rows into database (mongodb)...
  -> Warming up FastAPI...
  -> Seeding 100 rows into database (mongodb)...
  -> FastAPI Run 5/5... 2,538 req/s
==> Result: Siderite = 3,146 req/s | FastAPI = 2,528 req/s | Speedup: 1.22x

Paired geometric ratio: 1.217x; 95% interval: 1.160-1.264x; lead gate passed: True


BENCHMARK RESULTS SUMMARY

### Database-backed Todo API

| Test | Median req/s (S / F) | Paired ratio (95% CI) | p99 ms (S / F) | Adoption / Strong lead |
|---|---|---|---|---|
| `mongodb: insert` | 3,146 / 2,528 | 1.217x (1.160-1.264) | 40.362 / 51.921 | pass / pass |

Adoption: paired point >=1.10x, lower bound >parity. Strong lead: lower bound >1.10x. Both require >=5 identified pairs, every timed trial >=10 s, and each paired p99 ratio <=1.05.
Intervals describe the measured host and workload; they do not establish a lead across all deployments.

Report written to benchmarks/evidence/mongodb-matched-workers-20261003/report.md
