/opt/homebrew/lib/python3.13/site-packages/aiomysql/cursors.py:239: Warning: Unknown table 'siderite_bench_1d6ff0cd6f9347c1bc0f99f5d1d59182.todos'
  await self._query(query)
/opt/homebrew/lib/python3.13/site-packages/aiomysql/cursors.py:239: Warning: Table 'todos' already exists
  await self._query(query)
/opt/homebrew/lib/python3.13/site-packages/aiomysql/cursors.py:239: Warning: Table 'todos' already exists
  await self._query(query)
/opt/homebrew/lib/python3.13/site-packages/aiomysql/cursors.py:239: Warning: Table 'todos' already exists
  await self._query(query)
/opt/homebrew/lib/python3.13/site-packages/aiomysql/cursors.py:239: Warning: Table 'todos' already exists
  await self._query(query)
Raw trial evidence: /Users/raavi/dev/siderite/benchmarks/logs/trials-20261003-155035
  -> Seeding 100 rows into database (mysql)...

=======================================================
Benchmark: mysql-native POST /todos (POST /todos)
Parameters: -n 10000 -c 50, repetitions=5
=======================================================
  -> Seeding 100 rows into database (mysql)...
  -> Calibrating Siderite...
  -> Seeding 100 rows into database (mysql)...
  -> Calibrating FastAPI...
  -> Calibrated request count: 56554 (minimum 10.0s)
  -> Seeding 100 rows into database (mysql)...
  -> Warming up Siderite...
  -> Seeding 100 rows into database (mysql)...
  -> Siderite Run 1/5.../opt/homebrew/lib/python3.13/site-packages/aiomysql/cursors.py:239: Warning: Table 'todos' already exists
  await self._query(query)
/opt/homebrew/lib/python3.13/site-packages/aiomysql/cursors.py:239: Warning: Table 'todos' already exists
  await self._query(query)
 3,574 req/s
  -> Seeding 100 rows into database (mysql)...
  -> Warming up FastAPI...
  -> Seeding 100 rows into database (mysql)...
  -> FastAPI Run 1/5.../opt/homebrew/lib/python3.13/site-packages/aiomysql/cursors.py:239: Warning: Table 'todos' already exists
  await self._query(query)
/opt/homebrew/lib/python3.13/site-packages/aiomysql/cursors.py:239: Warning: Table 'todos' already exists
  await self._query(query)
 3,806 req/s
  -> Seeding 100 rows into database (mysql)...
  -> Warming up FastAPI...
  -> Seeding 100 rows into database (mysql)...
  -> FastAPI Run 2/5.../opt/homebrew/lib/python3.13/site-packages/aiomysql/cursors.py:239: Warning: Table 'todos' already exists
  await self._query(query)
/opt/homebrew/lib/python3.13/site-packages/aiomysql/cursors.py:239: Warning: Table 'todos' already exists
  await self._query(query)
 3,896 req/s
  -> Seeding 100 rows into database (mysql)...
  -> Warming up Siderite...
  -> Seeding 100 rows into database (mysql)...
  -> Siderite Run 2/5.../opt/homebrew/lib/python3.13/site-packages/aiomysql/cursors.py:239: Warning: Table 'todos' already exists
  await self._query(query)
/opt/homebrew/lib/python3.13/site-packages/aiomysql/cursors.py:239: Warning: Table 'todos' already exists
  await self._query(query)
 4,062 req/s
  -> Seeding 100 rows into database (mysql)...
  -> Warming up Siderite...
  -> Seeding 100 rows into database (mysql)...
  -> Siderite Run 3/5.../opt/homebrew/lib/python3.13/site-packages/aiomysql/cursors.py:239: Warning: Table 'todos' already exists
  await self._query(query)
/opt/homebrew/lib/python3.13/site-packages/aiomysql/cursors.py:239: Warning: Table 'todos' already exists
  await self._query(query)
 4,238 req/s
  -> Seeding 100 rows into database (mysql)...
  -> Warming up FastAPI...
  -> Seeding 100 rows into database (mysql)...
  -> FastAPI Run 3/5.../opt/homebrew/lib/python3.13/site-packages/aiomysql/cursors.py:239: Warning: Table 'todos' already exists
  await self._query(query)
/opt/homebrew/lib/python3.13/site-packages/aiomysql/cursors.py:239: Warning: Table 'todos' already exists
  await self._query(query)
 3,840 req/s
  -> Seeding 100 rows into database (mysql)...
  -> Warming up FastAPI...
  -> Seeding 100 rows into database (mysql)...
  -> FastAPI Run 4/5.../opt/homebrew/lib/python3.13/site-packages/aiomysql/cursors.py:239: Warning: Table 'todos' already exists
  await self._query(query)
/opt/homebrew/lib/python3.13/site-packages/aiomysql/cursors.py:239: Warning: Table 'todos' already exists
  await self._query(query)
 3,854 req/s
  -> Seeding 100 rows into database (mysql)...
  -> Warming up Siderite...
  -> Seeding 100 rows into database (mysql)...
  -> Siderite Run 4/5.../opt/homebrew/lib/python3.13/site-packages/aiomysql/cursors.py:239: Warning: Table 'todos' already exists
  await self._query(query)
/opt/homebrew/lib/python3.13/site-packages/aiomysql/cursors.py:239: Warning: Table 'todos' already exists
  await self._query(query)
 3,909 req/s
  -> Seeding 100 rows into database (mysql)...
  -> Warming up Siderite...
  -> Seeding 100 rows into database (mysql)...
  -> Siderite Run 5/5.../opt/homebrew/lib/python3.13/site-packages/aiomysql/cursors.py:239: Warning: Table 'todos' already exists
  await self._query(query)
/opt/homebrew/lib/python3.13/site-packages/aiomysql/cursors.py:239: Warning: Table 'todos' already exists
  await self._query(query)
 3,955 req/s
  -> Seeding 100 rows into database (mysql)...
  -> Warming up FastAPI...
  -> Seeding 100 rows into database (mysql)...
  -> FastAPI Run 5/5... 4,078 req/s
==> Result: Siderite = 3,955 req/s | FastAPI = 3,854 req/s | Speedup: 1.01x

Paired geometric ratio: 1.012x; 95% interval: 0.965-1.063x; lead gate passed: False


BENCHMARK RESULTS SUMMARY

### Database-backed Todo API

| Test | Median req/s (S / F) | Paired ratio (95% CI) | p99 ms (S / F) | Adoption / Strong lead |
|---|---|---|---|---|
| `mysql-native: insert` | 3,955 / 3,854 | 1.012x (0.965-1.063) | 40 / 40 | not met / not met |

Adoption: paired point >=1.10x, lower bound >parity. Strong lead: lower bound >1.10x. Both require >=5 identified pairs, every timed trial >=10 s, and each paired p99 ratio <=1.05.
Intervals describe the measured host and workload; they do not establish a lead across all deployments.

Report written to benchmarks/evidence/mysql-native-matched-workers-20261003/report.md
