/opt/homebrew/lib/python3.13/site-packages/aiomysql/cursors.py:239: Warning: Unknown table 'siderite_bench_e0649fe1c6074886a2c8d2f8841daccb.todos'
  await self._query(query)
/opt/homebrew/lib/python3.13/site-packages/aiomysql/cursors.py:239: Warning: Table 'todos' already exists
  await self._query(query)
/opt/homebrew/lib/python3.13/site-packages/aiomysql/cursors.py:239: Warning: Table 'todos' already exists
  await self._query(query)
/opt/homebrew/lib/python3.13/site-packages/aiomysql/cursors.py:239: Warning: Table 'todos' already exists
  await self._query(query)
/opt/homebrew/lib/python3.13/site-packages/aiomysql/cursors.py:239: Warning: Table 'todos' already exists
  await self._query(query)
Raw trial evidence: /Users/raavi/dev/siderite/benchmarks/logs/trials-20261003-173002
  -> Seeding 100 rows into database (mysql)...

=======================================================
Benchmark: mysql-sqlx POST /todos (POST /todos)
Parameters: -n 56554 -c 50, repetitions=5
=======================================================
  -> Seeding 100 rows into database (mysql)...
  -> Calibrating Siderite...
  -> Seeding 100 rows into database (mysql)...
  -> Calibrating FastAPI...
  -> Calibrated request count: 61595 (minimum 10.0s)
  -> Seeding 100 rows into database (mysql)...
  -> Warming up Siderite...
  -> Seeding 100 rows into database (mysql)...
  -> Siderite Run 1/5.../opt/homebrew/lib/python3.13/site-packages/aiomysql/cursors.py:239: Warning: Table 'todos' already exists
  await self._query(query)
/opt/homebrew/lib/python3.13/site-packages/aiomysql/cursors.py:239: Warning: Table 'todos' already exists
  await self._query(query)
 3,743 req/s
  -> Seeding 100 rows into database (mysql)...
  -> Warming up FastAPI...
  -> Seeding 100 rows into database (mysql)...
  -> FastAPI Run 1/5.../opt/homebrew/lib/python3.13/site-packages/aiomysql/cursors.py:239: Warning: Table 'todos' already exists
  await self._query(query)
/opt/homebrew/lib/python3.13/site-packages/aiomysql/cursors.py:239: Warning: Table 'todos' already exists
  await self._query(query)
 4,057 req/s
  -> Seeding 100 rows into database (mysql)...
  -> Warming up FastAPI...
  -> Seeding 100 rows into database (mysql)...
  -> FastAPI Run 2/5.../opt/homebrew/lib/python3.13/site-packages/aiomysql/cursors.py:239: Warning: Table 'todos' already exists
  await self._query(query)
/opt/homebrew/lib/python3.13/site-packages/aiomysql/cursors.py:239: Warning: Table 'todos' already exists
  await self._query(query)
 3,798 req/s
  -> Seeding 100 rows into database (mysql)...
  -> Warming up Siderite...
  -> Seeding 100 rows into database (mysql)...
  -> Siderite Run 2/5.../opt/homebrew/lib/python3.13/site-packages/aiomysql/cursors.py:239: Warning: Table 'todos' already exists
  await self._query(query)
/opt/homebrew/lib/python3.13/site-packages/aiomysql/cursors.py:239: Warning: Table 'todos' already exists
  await self._query(query)
 3,513 req/s
  -> Seeding 100 rows into database (mysql)...
  -> Warming up Siderite...
  -> Seeding 100 rows into database (mysql)...
  -> Siderite Run 3/5.../opt/homebrew/lib/python3.13/site-packages/aiomysql/cursors.py:239: Warning: Table 'todos' already exists
  await self._query(query)
/opt/homebrew/lib/python3.13/site-packages/aiomysql/cursors.py:239: Warning: Table 'todos' already exists
  await self._query(query)
 3,357 req/s
  -> Seeding 100 rows into database (mysql)...
  -> Warming up FastAPI...
  -> Seeding 100 rows into database (mysql)...
  -> FastAPI Run 3/5.../opt/homebrew/lib/python3.13/site-packages/aiomysql/cursors.py:239: Warning: Table 'todos' already exists
  await self._query(query)
/opt/homebrew/lib/python3.13/site-packages/aiomysql/cursors.py:239: Warning: Table 'todos' already exists
  await self._query(query)
 3,799 req/s
  -> Seeding 100 rows into database (mysql)...
  -> Warming up FastAPI...
  -> Seeding 100 rows into database (mysql)...
  -> FastAPI Run 4/5.../opt/homebrew/lib/python3.13/site-packages/aiomysql/cursors.py:239: Warning: Table 'todos' already exists
  await self._query(query)
/opt/homebrew/lib/python3.13/site-packages/aiomysql/cursors.py:239: Warning: Table 'todos' already exists
  await self._query(query)
 3,638 req/s
  -> Seeding 100 rows into database (mysql)...
  -> Warming up Siderite...
  -> Seeding 100 rows into database (mysql)...
  -> Siderite Run 4/5.../opt/homebrew/lib/python3.13/site-packages/aiomysql/cursors.py:239: Warning: Table 'todos' already exists
  await self._query(query)
/opt/homebrew/lib/python3.13/site-packages/aiomysql/cursors.py:239: Warning: Table 'todos' already exists
  await self._query(query)
 3,620 req/s
  -> Seeding 100 rows into database (mysql)...
  -> Warming up Siderite...
  -> Seeding 100 rows into database (mysql)...
  -> Siderite Run 5/5.../opt/homebrew/lib/python3.13/site-packages/aiomysql/cursors.py:239: Warning: Table 'todos' already exists
  await self._query(query)
/opt/homebrew/lib/python3.13/site-packages/aiomysql/cursors.py:239: Warning: Table 'todos' already exists
  await self._query(query)
 3,574 req/s
  -> Seeding 100 rows into database (mysql)...
  -> Warming up FastAPI...
  -> Seeding 100 rows into database (mysql)...
  -> FastAPI Run 5/5... 4,006 req/s
==> Result: Siderite = 3,574 req/s | FastAPI = 3,799 req/s | Speedup: 0.92x

Paired geometric ratio: 0.923x; 95% interval: 0.894-0.959x; lead gate passed: False


BENCHMARK RESULTS SUMMARY

### Database-backed Todo API

| Test | Median req/s (S / F) | Paired ratio (95% CI) | p99 ms (S / F) | Adoption / Strong lead |
|---|---|---|---|---|
| `mysql-sqlx: insert` | 3,574 / 3,799 | 0.923x (0.894-0.959) | 35.644 / 39.334 | not met / not met |

Adoption: paired point >=1.10x, lower bound >parity. Strong lead: lower bound >1.10x. Both require >=5 identified pairs, every timed trial >=10 s, and each paired p99 ratio <=1.05.
Intervals describe the measured host and workload; they do not establish a lead across all deployments.

Report written to benchmarks/evidence/mysql-sqlx-matched-workers-20261003/report.md
