Raw trial evidence: /Users/raavi/dev/siderite/benchmarks/logs/trials-20261003-154557
  -> Seeding 100 rows into database (sqlite)...

=======================================================
Benchmark: sqlite-wal-full-fastapi-pooled-sync POST /todos (POST /todos)
Parameters: -n 500 -c 20, repetitions=1
=======================================================
  -> Seeding 100 rows into database (sqlite)...
  -> Calibrating Siderite...
  -> Seeding 100 rows into database (sqlite)...
  -> Calibrating FastAPI...
  -> Calibrated request count: 500 (minimum 0.001s)
  -> Seeding 100 rows into database (sqlite)...
  -> Warming up Siderite...
  -> Seeding 100 rows into database (sqlite)...
  -> Siderite Run 1/1... 8,225 req/s
  -> Seeding 100 rows into database (sqlite)...
  -> Warming up FastAPI...
  -> Seeding 100 rows into database (sqlite)...
  -> FastAPI Run 1/1... 8,298 req/s
==> Result: Siderite = 8,225 req/s | FastAPI = 8,298 req/s | Speedup: 0.99x


BENCHMARK RESULTS SUMMARY

### Database-backed Todo API

| Test | Median req/s (S / F) | Paired ratio (95% CI) | p99 ms (S / F) | Adoption / Strong lead |
|---|---|---|---|---|
| `sqlite-wal-full-fastapi-pooled-sync: insert` | 8,225 / 8,298 | 0.991x (insufficient pairs) | 3 / 3 | not met / not met |

Adoption: paired point >=1.10x, lower bound >parity. Strong lead: lower bound >1.10x. Both require >=5 identified pairs, every timed trial >=10 s, and each paired p99 ratio <=1.05.
Intervals describe the measured host and workload; they do not establish a lead across all deployments.

Traceback (most recent call last):
  File "/Users/raavi/dev/siderite/benchmarks/run_benchmarks.py", line 870, in <module>
    main()
    ~~~~^^
  File "/Users/raavi/dev/siderite/benchmarks/run_benchmarks.py", line 859, in main
    with open(args.output, "w") as f:
         ~~~~^^^^^^^^^^^^^^^^^^
FileNotFoundError: [Errno 2] No such file or directory: 'benchmarks/evidence/precision-settings-smoke-20261003/report.md'
