Raw trial evidence: /Users/raavi/dev/siderite/benchmarks/logs/trials-20261003-173343
  -> Seeding 100 rows into database (postgres)...

=======================================================
Benchmark: postgres POST /todos (POST /todos)
Parameters: -n 10000 -c 50, repetitions=5
=======================================================
  -> Seeding 100 rows into database (postgres)...
  -> Calibrating Siderite...
  -> Seeding 100 rows into database (postgres)...
  -> Calibrating FastAPI...
  -> Calibrated request count: 115210 (minimum 10.0s)
  -> Seeding 100 rows into database (postgres)...
  -> Warming up Siderite...
  -> Seeding 100 rows into database (postgres)...
  -> Siderite Run 1/5... 8,174 req/s
  -> Seeding 100 rows into database (postgres)...
  -> Warming up FastAPI...
  -> Seeding 100 rows into database (postgres)...
  -> FastAPI Run 1/5... 6,136 req/s
  -> Seeding 100 rows into database (postgres)...
  -> Warming up FastAPI...
  -> Seeding 100 rows into database (postgres)...
  -> FastAPI Run 2/5... 6,711 req/s
  -> Seeding 100 rows into database (postgres)...
  -> Warming up Siderite...
  -> Seeding 100 rows into database (postgres)...
  -> Siderite Run 2/5... 7,673 req/s
  -> Seeding 100 rows into database (postgres)...
  -> Warming up Siderite...
  -> Seeding 100 rows into database (postgres)...
  -> Siderite Run 3/5... 8,343 req/s
  -> Seeding 100 rows into database (postgres)...
  -> Warming up FastAPI...
  -> Seeding 100 rows into database (postgres)...
  -> FastAPI Run 3/5... 6,862 req/s
  -> Seeding 100 rows into database (postgres)...
  -> Warming up FastAPI...
  -> Seeding 100 rows into database (postgres)...
  -> FastAPI Run 4/5... 7,171 req/s
  -> Seeding 100 rows into database (postgres)...
  -> Warming up Siderite...
  -> Seeding 100 rows into database (postgres)...
  -> Siderite Run 4/5... 9,004 req/s
  -> Seeding 100 rows into database (postgres)...
  -> Warming up Siderite...
  -> Seeding 100 rows into database (postgres)...
  -> Siderite Run 5/5... 8,494 req/s
  -> Seeding 100 rows into database (postgres)...
  -> Warming up FastAPI...
  -> Seeding 100 rows into database (postgres)...
  -> FastAPI Run 5/5... 6,986 req/s
==> Result: Siderite = 8,343 req/s | FastAPI = 6,862 req/s | Speedup: 1.23x

Paired geometric ratio: 1.231x; 95% interval: 1.179-1.286x; lead gate passed: True


BENCHMARK RESULTS SUMMARY

### Database-backed Todo API

| Test | Median req/s (S / F) | Paired ratio (95% CI) | p99 ms (S / F) | Adoption / Strong lead |
|---|---|---|---|---|
| `postgres: insert` | 8,343 / 6,862 | 1.231x (1.179-1.286) | 16.357 / 28.964 | pass / pass |

Adoption: paired point >=1.10x, lower bound >parity. Strong lead: lower bound >1.10x. Both require >=5 identified pairs, every timed trial >=10 s, and each paired p99 ratio <=1.05.
Intervals describe the measured host and workload; they do not establish a lead across all deployments.

Report written to benchmarks/evidence/postgres-matched-workers-20261003/report.md
